// Jest Snapshot v1, https://goo.gl/fbAQLP

exports[`renders correctly 1`] = `
<View
  style={
    Object {
      "flex": 1,
      "marginHorizontal": "5%",
    }
  }
>
  <RemainderCalculations
    dailyAllowance={1613}
    daysElapsed={1}
    daysRemaining={31}
    intervalStartDate={25}
    totalAllowance={50000}
    totalSpent={0}
    updateAllowance={[Function]}
    updateIntervalStartDate={[Function]}
  />
  <DayInputsContainer
    amountsSpentLastMonth={Object {}}
    amountsSpentThisMonth={Object {}}
    startNumber={25}
    updateAmountSpent={[Function]}
  />
</View>
`;
