// Jest Snapshot v1, https://goo.gl/fbAQLP

exports[`DayInputsContainer renders correctly 1`] = `
<View
  style={
    Object {
      "flex": 1,
    }
  }
>
  <ScrollViewMock
    style={
      Object {
        "flex": 1,
        "marginVertical": 30,
      }
    }
  >
    <Day
      date={4}
      key="4"
      updateAmountSpent={[Function]}
    />
    <Day
      amountSpent={433}
      date={3}
      key="3"
      updateAmountSpent={[Function]}
    />
    <Day
      amountSpent={1000}
      date={2}
      key="2"
      updateAmountSpent={[Function]}
    />
    <Day
      amountSpent={1000}
      date={1}
      key="1"
      updateAmountSpent={[Function]}
    />
    <Day
      amountSpent={1000}
      date={31}
      key="31"
      updateAmountSpent={[Function]}
    />
    <Day
      amountSpent={1000}
      date={30}
      key="30"
      updateAmountSpent={[Function]}
    />
    <Day
      date={29}
      key="29"
      updateAmountSpent={[Function]}
    />
    <Day
      date={28}
      key="28"
      updateAmountSpent={[Function]}
    />
    <Day
      date={27}
      key="27"
      updateAmountSpent={[Function]}
    />
    <Day
      date={26}
      key="26"
      updateAmountSpent={[Function]}
    />
    <Day
      date={25}
      key="25"
      updateAmountSpent={[Function]}
    />
    <Day
      date={24}
      key="24"
      updateAmountSpent={[Function]}
    />
    <Day
      date={23}
      key="23"
      updateAmountSpent={[Function]}
    />
    <Day
      date={22}
      key="22"
      updateAmountSpent={[Function]}
    />
    <Day
      date={21}
      key="21"
      updateAmountSpent={[Function]}
    />
    <Day
      date={20}
      key="20"
      updateAmountSpent={[Function]}
    />
    <Day
      date={19}
      key="19"
      updateAmountSpent={[Function]}
    />
    <Day
      date={18}
      key="18"
      updateAmountSpent={[Function]}
    />
    <Day
      date={17}
      key="17"
      updateAmountSpent={[Function]}
    />
    <Day
      date={16}
      key="16"
      updateAmountSpent={[Function]}
    />
    <Day
      date={15}
      key="15"
      updateAmountSpent={[Function]}
    />
    <Day
      date={14}
      key="14"
      updateAmountSpent={[Function]}
    />
    <Day
      date={13}
      key="13"
      updateAmountSpent={[Function]}
    />
    <Day
      date={12}
      key="12"
      updateAmountSpent={[Function]}
    />
    <Day
      date={11}
      key="11"
      updateAmountSpent={[Function]}
    />
    <Day
      date={10}
      key="10"
      updateAmountSpent={[Function]}
    />
  </ScrollViewMock>
</View>
`;
